// Jest Snapshot v1, https://goo.gl/fbAQLP

exports[`<Arrow /> should render the heading 1`] = `
<main
  class=""
>
  <h1>
    Arrow
  </h1>
</main>
`
